<?xml version="1.0" encoding="UTF-8"?>
<testsuites>
  <testsuite name="CLI Arguments" tests="186" assertions="304" errors="0" failures="0" skipped="4" time="7.008079">
    <testsuite name="Plugins\craftblitz\tests\pest\Architecture\ArchitectureTest" file="plugins/craft-blitz/tests/pest/Architecture/ArchitectureTest.php" tests="2" assertions="3" errors="0" failures="0" skipped="0" time="1.440500">
      <testcase name="Source code does not contain any `Craft::dd` statements" file="plugins/craft-blitz/tests/pest/Architecture/ArchitectureTest.php::Source code does not contain any `Craft::dd` statements" class="Plugins\craftblitz\tests\pest\Architecture\ArchitectureTest" classname="Plugins.craftblitz.tests.pest.Architecture.ArchitectureTest" assertions="2" time="0.295161"/>
      <testcase name="Source code does not contain any `var_dump` or `die` statements" file="plugins/craft-blitz/tests/pest/Architecture/ArchitectureTest.php::Source code does not contain any `var_dump` or `die` statements" class="Plugins\craftblitz\tests\pest\Architecture\ArchitectureTest" classname="Plugins.craftblitz.tests.pest.Architecture.ArchitectureTest" assertions="1" time="1.145340"/>
    </testsuite>
    <testsuite name="Plugins\craftblitz\tests\pest\Drivers\FileStorageTest" file="plugins/craft-blitz/tests/pest/Drivers/FileStorageTest.php" tests="1" assertions="1" errors="0" failures="0" skipped="0" time="0.006917">
      <testcase name="Getting a site path works for a disabled or non-existent site" file="plugins/craft-blitz/tests/pest/Drivers/FileStorageTest.php::Getting a site path works for a disabled or non-existent site" class="Plugins\craftblitz\tests\pest\Drivers\FileStorageTest" classname="Plugins.craftblitz.tests.pest.Drivers.FileStorageTest" assertions="1" time="0.006917"/>
    </testsuite>
    <testsuite name="Plugins\craftblitz\tests\pest\Feature\BlitzVariableTest" file="plugins/craft-blitz/tests/pest/Feature/BlitzVariableTest.php" tests="7" assertions="10" errors="0" failures="0" skipped="0" time="0.020913">
      <testcase name="Cached include tag contains provided options" file="plugins/craft-blitz/tests/pest/Feature/BlitzVariableTest.php::Cached include tag contains provided options" class="Plugins\craftblitz\tests\pest\Feature\BlitzVariableTest" classname="Plugins.craftblitz.tests.pest.Feature.BlitzVariableTest" assertions="4" time="0.015171"/>
      <testcase name="Cached include tag does not contain unencoded slashes in params" file="plugins/craft-blitz/tests/pest/Feature/BlitzVariableTest.php::Cached include tag does not contain unencoded slashes in params" class="Plugins\craftblitz\tests\pest\Feature\BlitzVariableTest" classname="Plugins.craftblitz.tests.pest.Feature.BlitzVariableTest" assertions="1" time="0.001249"/>
      <testcase name="Cached include tag does not contain path param" file="plugins/craft-blitz/tests/pest/Feature/BlitzVariableTest.php::Cached include tag does not contain path param" class="Plugins\craftblitz\tests\pest\Feature\BlitzVariableTest" classname="Plugins.craftblitz.tests.pest.Feature.BlitzVariableTest" assertions="1" time="0.000671"/>
      <testcase name="Cached include tag with AJAX request type results in inject script being registered" file="plugins/craft-blitz/tests/pest/Feature/BlitzVariableTest.php::Cached include tag with AJAX request type results in inject script being registered" class="Plugins\craftblitz\tests\pest\Feature\BlitzVariableTest" classname="Plugins.craftblitz.tests.pest.Feature.BlitzVariableTest" assertions="1" time="0.000810"/>
      <testcase name="Fetch URI tag does not encode slashes in params" file="plugins/craft-blitz/tests/pest/Feature/BlitzVariableTest.php::Fetch URI tag does not encode slashes in params" class="Plugins\craftblitz\tests\pest\Feature\BlitzVariableTest" classname="Plugins.craftblitz.tests.pest.Feature.BlitzVariableTest" assertions="1" time="0.000295"/>
      <testcase name="The CSRF input function returns a Blitz inject script" file="plugins/craft-blitz/tests/pest/Feature/BlitzVariableTest.php::The CSRF input function returns a Blitz inject script" class="Plugins\craftblitz\tests\pest\Feature\BlitzVariableTest" classname="Plugins.craftblitz.tests.pest.Feature.BlitzVariableTest" assertions="1" time="0.000259"/>
      <testcase name="The CSRF input function called in an AJAX request does not return a Blitz inject script" file="plugins/craft-blitz/tests/pest/Feature/BlitzVariableTest.php::The CSRF input function called in an AJAX request does not return a Blitz inject script" class="Plugins\craftblitz\tests\pest\Feature\BlitzVariableTest" classname="Plugins.craftblitz.tests.pest.Feature.BlitzVariableTest" assertions="1" time="0.002457"/>
    </testsuite>
    <testsuite name="Plugins\craftblitz\tests\pest\Feature\CacheRequestTest" file="plugins/craft-blitz/tests/pest/Feature/CacheRequestTest.php" tests="28" assertions="31" errors="0" failures="0" skipped="1" time="0.239787">
      <testcase name="Request matching included URI pattern is cacheable" file="plugins/craft-blitz/tests/pest/Feature/CacheRequestTest.php::Request matching included URI pattern is cacheable" class="Plugins\craftblitz\tests\pest\Feature\CacheRequestTest" classname="Plugins.craftblitz.tests.pest.Feature.CacheRequestTest" assertions="1" time="0.121580"/>
      <testcase name="Request with generate token is cacheable" file="plugins/craft-blitz/tests/pest/Feature/CacheRequestTest.php::Request with generate token is cacheable" class="Plugins\craftblitz\tests\pest\Feature\CacheRequestTest" classname="Plugins.craftblitz.tests.pest.Feature.CacheRequestTest" assertions="1" time="0.045369"/>
      <testcase name="Request with `no-cache` param is not cacheable" file="plugins/craft-blitz/tests/pest/Feature/CacheRequestTest.php::Request with `no-cache` param is not cacheable" class="Plugins\craftblitz\tests\pest\Feature\CacheRequestTest" classname="Plugins.craftblitz.tests.pest.Feature.CacheRequestTest" assertions="1" time="0.009108"/>
      <testcase name="Request with token is not cacheable" file="plugins/craft-blitz/tests/pest/Feature/CacheRequestTest.php::Request with token is not cacheable" class="Plugins\craftblitz\tests\pest\Feature\CacheRequestTest" classname="Plugins.craftblitz.tests.pest.Feature.CacheRequestTest" assertions="1" time="0.010526"/>
      <testcase name="Request with a cached include prefix is a cached include" file="plugins/craft-blitz/tests/pest/Feature/CacheRequestTest.php::Request with a cached include prefix is a cached include" class="Plugins\craftblitz\tests\pest\Feature\CacheRequestTest" classname="Plugins.craftblitz.tests.pest.Feature.CacheRequestTest" assertions="2" time="0.000716"/>
      <testcase name="Request with a cached include action is a cached include" file="plugins/craft-blitz/tests/pest/Feature/CacheRequestTest.php::Request with a cached include action is a cached include" class="Plugins\craftblitz\tests\pest\Feature\CacheRequestTest" classname="Plugins.craftblitz.tests.pest.Feature.CacheRequestTest" assertions="1" time="0.009078"/>
      <testcase name="Request with a dynamic include prefix is a dynamic include" file="plugins/craft-blitz/tests/pest/Feature/CacheRequestTest.php::Request with a dynamic include prefix is a dynamic include" class="Plugins\craftblitz\tests\pest\Feature\CacheRequestTest" classname="Plugins.craftblitz.tests.pest.Feature.CacheRequestTest" assertions="2" time="0.000434"/>
      <testcase name="Request with dynamic include action is a dynamic include" file="plugins/craft-blitz/tests/pest/Feature/CacheRequestTest.php::Request with dynamic include action is a dynamic include" class="Plugins\craftblitz\tests\pest\Feature\CacheRequestTest" classname="Plugins.craftblitz.tests.pest.Feature.CacheRequestTest" assertions="1" time="0.002485"/>
      <testcase name="Requested cacheable site URI includes allowed query strings when urls cached as unique pages" file="plugins/craft-blitz/tests/pest/Feature/CacheRequestTest.php::Requested cacheable site URI includes allowed query strings when urls cached as unique pages" class="Plugins\craftblitz\tests\pest\Feature\CacheRequestTest" classname="Plugins.craftblitz.tests.pest.Feature.CacheRequestTest" assertions="1" time="0.012102"/>
      <testcase name="Requested cacheable site URI does not include query strings when urls cached as same page" file="plugins/craft-blitz/tests/pest/Feature/CacheRequestTest.php::Requested cacheable site URI does not include query strings when urls cached as same page" class="Plugins\craftblitz\tests\pest\Feature\CacheRequestTest" classname="Plugins.craftblitz.tests.pest.Feature.CacheRequestTest" assertions="1" time="0.014621"/>
      <testcase name="Requested cacheable site URI includes page trigger" file="plugins/craft-blitz/tests/pest/Feature/CacheRequestTest.php::Requested cacheable site URI includes page trigger" class="Plugins\craftblitz\tests\pest\Feature\CacheRequestTest" classname="Plugins.craftblitz.tests.pest.Feature.CacheRequestTest" assertions="0" time="0.000678">
        <skipped/>
      </testcase>
      <testcase name="Requested cacheable site URI works with regular expressions" file="plugins/craft-blitz/tests/pest/Feature/CacheRequestTest.php::Requested cacheable site URI works with regular expressions" class="Plugins\craftblitz\tests\pest\Feature\CacheRequestTest" classname="Plugins.craftblitz.tests.pest.Feature.CacheRequestTest" assertions="1" time="0.005157"/>
      <testsuite name="Plugins\craftblitz\tests\pest\Feature\CacheRequestTest::__pest_evaluable_Site_URI_with_uppercase_URI_is_cacheable" tests="2" assertions="2" errors="0" failures="0" skipped="0" time="0.001655">
        <testcase name="Site URI with uppercase URI is cacheable with data set &quot;('Page')&quot;" file="plugins/craft-blitz/tests/pest/Feature/CacheRequestTest.php::Site URI with uppercase URI is cacheable with data set &quot;('Page')&quot;" class="Plugins\craftblitz\tests\pest\Feature\CacheRequestTest" classname="Plugins.craftblitz.tests.pest.Feature.CacheRequestTest" assertions="1" time="0.000613"/>
        <testcase name="Site URI with uppercase URI is cacheable with data set &quot;('Übergröße')&quot;" file="plugins/craft-blitz/tests/pest/Feature/CacheRequestTest.php::Site URI with uppercase URI is cacheable with data set &quot;('Übergröße')&quot;" class="Plugins\craftblitz\tests\pest\Feature\CacheRequestTest" classname="Plugins.craftblitz.tests.pest.Feature.CacheRequestTest" assertions="1" time="0.001041"/>
      </testsuite>
      <testsuite name="Plugins\craftblitz\tests\pest\Feature\CacheRequestTest::__pest_evaluable_Site_URI_with_uppercase_URI_is_not_cacheable_when_disallowed" tests="2" assertions="2" errors="0" failures="0" skipped="0" time="0.000884">
        <testcase name="Site URI with uppercase URI is not cacheable when disallowed with data set &quot;('Page')&quot;" file="plugins/craft-blitz/tests/pest/Feature/CacheRequestTest.php::Site URI with uppercase URI is not cacheable when disallowed with data set &quot;('Page')&quot;" class="Plugins\craftblitz\tests\pest\Feature\CacheRequestTest" classname="Plugins.craftblitz.tests.pest.Feature.CacheRequestTest" assertions="1" time="0.000606"/>
        <testcase name="Site URI with uppercase URI is not cacheable when disallowed with data set &quot;('Übergröße')&quot;" file="plugins/craft-blitz/tests/pest/Feature/CacheRequestTest.php::Site URI with uppercase URI is not cacheable when disallowed with data set &quot;('Übergröße')&quot;" class="Plugins\craftblitz\tests\pest\Feature\CacheRequestTest" classname="Plugins.craftblitz.tests.pest.Feature.CacheRequestTest" assertions="1" time="0.000278"/>
      </testsuite>
      <testcase name="Site URI with included URI pattern is cacheable xyzzz" file="plugins/craft-blitz/tests/pest/Feature/CacheRequestTest.php::Site URI with included URI pattern is cacheable xyzzz" class="Plugins\craftblitz\tests\pest\Feature\CacheRequestTest" classname="Plugins.craftblitz.tests.pest.Feature.CacheRequestTest" assertions="1" time="0.000276"/>
      <testcase name="Site URI with disabled included URI pattern is not cacheable" file="plugins/craft-blitz/tests/pest/Feature/CacheRequestTest.php::Site URI with disabled included URI pattern is not cacheable" class="Plugins\craftblitz\tests\pest\Feature\CacheRequestTest" classname="Plugins.craftblitz.tests.pest.Feature.CacheRequestTest" assertions="1" time="0.000247"/>
      <testcase name="Site URI with excluded URI pattern is not cacheable" file="plugins/craft-blitz/tests/pest/Feature/CacheRequestTest.php::Site URI with excluded URI pattern is not cacheable" class="Plugins\craftblitz\tests\pest\Feature\CacheRequestTest" classname="Plugins.craftblitz.tests.pest.Feature.CacheRequestTest" assertions="1" time="0.000450"/>
      <testcase name="Site URI with disabled excluded URI pattern is cacheable" file="plugins/craft-blitz/tests/pest/Feature/CacheRequestTest.php::Site URI with disabled excluded URI pattern is cacheable" class="Plugins\craftblitz\tests\pest\Feature\CacheRequestTest" classname="Plugins.craftblitz.tests.pest.Feature.CacheRequestTest" assertions="1" time="0.000526"/>
      <testcase name="Site URI with `admin` in URI is cacheable" file="plugins/craft-blitz/tests/pest/Feature/CacheRequestTest.php::Site URI with `admin` in URI is cacheable" class="Plugins\craftblitz\tests\pest\Feature\CacheRequestTest" classname="Plugins.craftblitz.tests.pest.Feature.CacheRequestTest" assertions="1" time="0.000304"/>
      <testcase name="Site URI with `index.php` in URI is not cacheable" file="plugins/craft-blitz/tests/pest/Feature/CacheRequestTest.php::Site URI with `index.php` in URI is not cacheable" class="Plugins\craftblitz\tests\pest\Feature\CacheRequestTest" classname="Plugins.craftblitz.tests.pest.Feature.CacheRequestTest" assertions="1" time="0.000277"/>
      <testcase name="Site URI with `index.php` and allowed action in URI is cacheable" file="plugins/craft-blitz/tests/pest/Feature/CacheRequestTest.php::Site URI with `index.php` and allowed action in URI is cacheable" class="Plugins\craftblitz\tests\pest\Feature\CacheRequestTest" classname="Plugins.craftblitz.tests.pest.Feature.CacheRequestTest" assertions="1" time="0.000276"/>
      <testcase name="Site URI with max URI length is cacheable" file="plugins/craft-blitz/tests/pest/Feature/CacheRequestTest.php::Site URI with max URI length is cacheable" class="Plugins\craftblitz\tests\pest\Feature\CacheRequestTest" classname="Plugins.craftblitz.tests.pest.Feature.CacheRequestTest" assertions="1" time="0.001079"/>
      <testcase name="Site URI with max URI length exceeded is not cacheable" file="plugins/craft-blitz/tests/pest/Feature/CacheRequestTest.php::Site URI with max URI length exceeded is not cacheable" class="Plugins\craftblitz\tests\pest\Feature\CacheRequestTest" classname="Plugins.craftblitz.tests.pest.Feature.CacheRequestTest" assertions="1" time="0.001097"/>
      <testcase name="URI patterns with matching regular expressions are matched" file="plugins/craft-blitz/tests/pest/Feature/CacheRequestTest.php::URI patterns with matching regular expressions are matched" class="Plugins\craftblitz\tests\pest\Feature\CacheRequestTest" classname="Plugins.craftblitz.tests.pest.Feature.CacheRequestTest" assertions="3" time="0.000318"/>
      <testcase name="URI patterns without matching regular expressions are not matched" file="plugins/craft-blitz/tests/pest/Feature/CacheRequestTest.php::URI patterns without matching regular expressions are not matched" class="Plugins\craftblitz\tests\pest\Feature\CacheRequestTest" classname="Plugins.craftblitz.tests.pest.Feature.CacheRequestTest" assertions="1" time="0.000272"/>
      <testcase name="Response with a template response format is cacheable" file="plugins/craft-blitz/tests/pest/Feature/CacheRequestTest.php::Response with a template response format is cacheable" class="Plugins\craftblitz\tests\pest\Feature\CacheRequestTest" classname="Plugins.craftblitz.tests.pest.Feature.CacheRequestTest" assertions="1" time="0.000273"/>
    </testsuite>
    <testsuite name="Plugins\craftblitz\tests\pest\Feature\CacheStorageTest" file="plugins/craft-blitz/tests/pest/Feature/CacheStorageTest.php" tests="24" assertions="27" errors="0" failures="0" skipped="0" time="0.047076">
      <testsuite name="Plugins\craftblitz\tests\pest\Feature\CacheStorageTest::__pest_evaluable_255_character_site_URI_can_be_saved" tests="3" assertions="3" errors="0" failures="0" skipped="0" time="0.010984">
        <testcase name="255 character site URI can be saved with data set &quot;dataset &quot;FileStorage&quot;&quot;" file="plugins/craft-blitz/tests/pest/Feature/CacheStorageTest.php::255 character site URI can be saved with data set &quot;dataset &quot;FileStorage&quot;&quot;" class="Plugins\craftblitz\tests\pest\Feature\CacheStorageTest" classname="Plugins.craftblitz.tests.pest.Feature.CacheStorageTest" assertions="1" time="0.008188"/>
        <testcase name="255 character site URI can be saved with data set &quot;dataset &quot;YiiCacheStorage&quot;&quot;" file="plugins/craft-blitz/tests/pest/Feature/CacheStorageTest.php::255 character site URI can be saved with data set &quot;dataset &quot;YiiCacheStorage&quot;&quot;" class="Plugins\craftblitz\tests\pest\Feature\CacheStorageTest" classname="Plugins.craftblitz.tests.pest.Feature.CacheStorageTest" assertions="1" time="0.001808"/>
        <testcase name="255 character site URI can be saved with data set &quot;dataset &quot;RedisStorage&quot;&quot;" file="plugins/craft-blitz/tests/pest/Feature/CacheStorageTest.php::255 character site URI can be saved with data set &quot;dataset &quot;RedisStorage&quot;&quot;" class="Plugins\craftblitz\tests\pest\Feature\CacheStorageTest" classname="Plugins.craftblitz.tests.pest.Feature.CacheStorageTest" assertions="1" time="0.000988"/>
      </testsuite>
      <testsuite name="Plugins\craftblitz\tests\pest\Feature\CacheStorageTest::__pest_evaluable_Long_site_URI_can_be_saved_except_for_by_file_storage_driver" tests="3" assertions="3" errors="0" failures="0" skipped="0" time="0.002822">
        <testcase name="Long site URI can be saved except for by file storage driver with data set &quot;dataset &quot;FileStorage&quot;&quot;" file="plugins/craft-blitz/tests/pest/Feature/CacheStorageTest.php::Long site URI can be saved except for by file storage driver with data set &quot;dataset &quot;FileStorage&quot;&quot;" class="Plugins\craftblitz\tests\pest\Feature\CacheStorageTest" classname="Plugins.craftblitz.tests.pest.Feature.CacheStorageTest" assertions="1" time="0.000770"/>
        <testcase name="Long site URI can be saved except for by file storage driver with data set &quot;dataset &quot;YiiCacheStorage&quot;&quot;" file="plugins/craft-blitz/tests/pest/Feature/CacheStorageTest.php::Long site URI can be saved except for by file storage driver with data set &quot;dataset &quot;YiiCacheStorage&quot;&quot;" class="Plugins\craftblitz\tests\pest\Feature\CacheStorageTest" classname="Plugins.craftblitz.tests.pest.Feature.CacheStorageTest" assertions="1" time="0.000862"/>
        <testcase name="Long site URI can be saved except for by file storage driver with data set &quot;dataset &quot;RedisStorage&quot;&quot;" file="plugins/craft-blitz/tests/pest/Feature/CacheStorageTest.php::Long site URI can be saved except for by file storage driver with data set &quot;dataset &quot;RedisStorage&quot;&quot;" class="Plugins\craftblitz\tests\pest\Feature\CacheStorageTest" classname="Plugins.craftblitz.tests.pest.Feature.CacheStorageTest" assertions="1" time="0.001190"/>
      </testsuite>
      <testsuite name="Plugins\craftblitz\tests\pest\Feature\CacheStorageTest::__pest_evaluable_Site_URI_is_decoded_before_being_saved" tests="3" assertions="3" errors="0" failures="0" skipped="0" time="0.003635">
        <testcase name="Site URI is decoded before being saved with data set &quot;dataset &quot;FileStorage&quot;&quot;" file="plugins/craft-blitz/tests/pest/Feature/CacheStorageTest.php::Site URI is decoded before being saved with data set &quot;dataset &quot;FileStorage&quot;&quot;" class="Plugins\craftblitz\tests\pest\Feature\CacheStorageTest" classname="Plugins.craftblitz.tests.pest.Feature.CacheStorageTest" assertions="1" time="0.000821"/>
        <testcase name="Site URI is decoded before being saved with data set &quot;dataset &quot;YiiCacheStorage&quot;&quot;" file="plugins/craft-blitz/tests/pest/Feature/CacheStorageTest.php::Site URI is decoded before being saved with data set &quot;dataset &quot;YiiCacheStorage&quot;&quot;" class="Plugins\craftblitz\tests\pest\Feature\CacheStorageTest" classname="Plugins.craftblitz.tests.pest.Feature.CacheStorageTest" assertions="1" time="0.001102"/>
        <testcase name="Site URI is decoded before being saved with data set &quot;dataset &quot;RedisStorage&quot;&quot;" file="plugins/craft-blitz/tests/pest/Feature/CacheStorageTest.php::Site URI is decoded before being saved with data set &quot;dataset &quot;RedisStorage&quot;&quot;" class="Plugins\craftblitz\tests\pest\Feature\CacheStorageTest" classname="Plugins.craftblitz.tests.pest.Feature.CacheStorageTest" assertions="1" time="0.001712"/>
      </testsuite>
      <testsuite name="Plugins\craftblitz\tests\pest\Feature\CacheStorageTest::__pest_evaluable_Compressed_cached_value_can_be_fetched_compressed_and_uncompressed" tests="3" assertions="6" errors="0" failures="0" skipped="0" time="0.003363">
        <testcase name="Compressed cached value can be fetched compressed and uncompressed with data set &quot;dataset &quot;FileStorage&quot;&quot;" file="plugins/craft-blitz/tests/pest/Feature/CacheStorageTest.php::Compressed cached value can be fetched compressed and uncompressed with data set &quot;dataset &quot;FileStorage&quot;&quot;" class="Plugins\craftblitz\tests\pest\Feature\CacheStorageTest" classname="Plugins.craftblitz.tests.pest.Feature.CacheStorageTest" assertions="2" time="0.001079"/>
        <testcase name="Compressed cached value can be fetched compressed and uncompressed with data set &quot;dataset &quot;YiiCacheStorage&quot;&quot;" file="plugins/craft-blitz/tests/pest/Feature/CacheStorageTest.php::Compressed cached value can be fetched compressed and uncompressed with data set &quot;dataset &quot;YiiCacheStorage&quot;&quot;" class="Plugins\craftblitz\tests\pest\Feature\CacheStorageTest" classname="Plugins.craftblitz.tests.pest.Feature.CacheStorageTest" assertions="2" time="0.001309"/>
        <testcase name="Compressed cached value can be fetched compressed and uncompressed with data set &quot;dataset &quot;RedisStorage&quot;&quot;" file="plugins/craft-blitz/tests/pest/Feature/CacheStorageTest.php::Compressed cached value can be fetched compressed and uncompressed with data set &quot;dataset &quot;RedisStorage&quot;&quot;" class="Plugins\craftblitz\tests\pest\Feature\CacheStorageTest" classname="Plugins.craftblitz.tests.pest.Feature.CacheStorageTest" assertions="2" time="0.000975"/>
      </testsuite>
      <testsuite name="Plugins\craftblitz\tests\pest\Feature\CacheStorageTest::__pest_evaluable_Cached_value_of_site_URI_is_deleted" tests="3" assertions="3" errors="0" failures="0" skipped="0" time="0.003463">
        <testcase name="Cached value of site URI is deleted with data set &quot;dataset &quot;FileStorage&quot;&quot;" file="plugins/craft-blitz/tests/pest/Feature/CacheStorageTest.php::Cached value of site URI is deleted with data set &quot;dataset &quot;FileStorage&quot;&quot;" class="Plugins\craftblitz\tests\pest\Feature\CacheStorageTest" classname="Plugins.craftblitz.tests.pest.Feature.CacheStorageTest" assertions="1" time="0.001148"/>
        <testcase name="Cached value of site URI is deleted with data set &quot;dataset &quot;YiiCacheStorage&quot;&quot;" file="plugins/craft-blitz/tests/pest/Feature/CacheStorageTest.php::Cached value of site URI is deleted with data set &quot;dataset &quot;YiiCacheStorage&quot;&quot;" class="Plugins\craftblitz\tests\pest\Feature\CacheStorageTest" classname="Plugins.craftblitz.tests.pest.Feature.CacheStorageTest" assertions="1" time="0.000587"/>
        <testcase name="Cached value of site URI is deleted with data set &quot;dataset &quot;RedisStorage&quot;&quot;" file="plugins/craft-blitz/tests/pest/Feature/CacheStorageTest.php::Cached value of site URI is deleted with data set &quot;dataset &quot;RedisStorage&quot;&quot;" class="Plugins\craftblitz\tests\pest\Feature\CacheStorageTest" classname="Plugins.craftblitz.tests.pest.Feature.CacheStorageTest" assertions="1" time="0.001728"/>
      </testsuite>
      <testsuite name="Plugins\craftblitz\tests\pest\Feature\CacheStorageTest::__pest_evaluable_Compressed_cached_value_of_site_URI_is_deleted" tests="3" assertions="3" errors="0" failures="0" skipped="0" time="0.007824">
        <testcase name="Compressed cached value of site URI is deleted with data set &quot;dataset &quot;FileStorage&quot;&quot;" file="plugins/craft-blitz/tests/pest/Feature/CacheStorageTest.php::Compressed cached value of site URI is deleted with data set &quot;dataset &quot;FileStorage&quot;&quot;" class="Plugins\craftblitz\tests\pest\Feature\CacheStorageTest" classname="Plugins.craftblitz.tests.pest.Feature.CacheStorageTest" assertions="1" time="0.003553"/>
        <testcase name="Compressed cached value of site URI is deleted with data set &quot;dataset &quot;YiiCacheStorage&quot;&quot;" file="plugins/craft-blitz/tests/pest/Feature/CacheStorageTest.php::Compressed cached value of site URI is deleted with data set &quot;dataset &quot;YiiCacheStorage&quot;&quot;" class="Plugins\craftblitz\tests\pest\Feature\CacheStorageTest" classname="Plugins.craftblitz.tests.pest.Feature.CacheStorageTest" assertions="1" time="0.002035"/>
        <testcase name="Compressed cached value of site URI is deleted with data set &quot;dataset &quot;RedisStorage&quot;&quot;" file="plugins/craft-blitz/tests/pest/Feature/CacheStorageTest.php::Compressed cached value of site URI is deleted with data set &quot;dataset &quot;RedisStorage&quot;&quot;" class="Plugins\craftblitz\tests\pest\Feature\CacheStorageTest" classname="Plugins.craftblitz.tests.pest.Feature.CacheStorageTest" assertions="1" time="0.002236"/>
      </testsuite>
      <testsuite name="Plugins\craftblitz\tests\pest\Feature\CacheStorageTest::__pest_evaluable_Cached_value_of_decoded_site_URI_is_deleted" tests="3" assertions="3" errors="0" failures="0" skipped="0" time="0.009391">
        <testcase name="Cached value of decoded site URI is deleted with data set &quot;dataset &quot;FileStorage&quot;&quot;" file="plugins/craft-blitz/tests/pest/Feature/CacheStorageTest.php::Cached value of decoded site URI is deleted with data set &quot;dataset &quot;FileStorage&quot;&quot;" class="Plugins\craftblitz\tests\pest\Feature\CacheStorageTest" classname="Plugins.craftblitz.tests.pest.Feature.CacheStorageTest" assertions="1" time="0.003949"/>
        <testcase name="Cached value of decoded site URI is deleted with data set &quot;dataset &quot;YiiCacheStorage&quot;&quot;" file="plugins/craft-blitz/tests/pest/Feature/CacheStorageTest.php::Cached value of decoded site URI is deleted with data set &quot;dataset &quot;YiiCacheStorage&quot;&quot;" class="Plugins\craftblitz\tests\pest\Feature\CacheStorageTest" classname="Plugins.craftblitz.tests.pest.Feature.CacheStorageTest" assertions="1" time="0.002574"/>
        <testcase name="Cached value of decoded site URI is deleted with data set &quot;dataset &quot;RedisStorage&quot;&quot;" file="plugins/craft-blitz/tests/pest/Feature/CacheStorageTest.php::Cached value of decoded site URI is deleted with data set &quot;dataset &quot;RedisStorage&quot;&quot;" class="Plugins\craftblitz\tests\pest\Feature\CacheStorageTest" classname="Plugins.craftblitz.tests.pest.Feature.CacheStorageTest" assertions="1" time="0.002868"/>
      </testsuite>
      <testsuite name="Plugins\craftblitz\tests\pest\Feature\CacheStorageTest::__pest_evaluable_All_cached_values_are_deleted" tests="3" assertions="3" errors="0" failures="0" skipped="0" time="0.005595">
        <testcase name="All cached values are deleted with data set &quot;dataset &quot;FileStorage&quot;&quot;" file="plugins/craft-blitz/tests/pest/Feature/CacheStorageTest.php::All cached values are deleted with data set &quot;dataset &quot;FileStorage&quot;&quot;" class="Plugins\craftblitz\tests\pest\Feature\CacheStorageTest" classname="Plugins.craftblitz.tests.pest.Feature.CacheStorageTest" assertions="1" time="0.003143"/>
        <testcase name="All cached values are deleted with data set &quot;dataset &quot;YiiCacheStorage&quot;&quot;" file="plugins/craft-blitz/tests/pest/Feature/CacheStorageTest.php::All cached values are deleted with data set &quot;dataset &quot;YiiCacheStorage&quot;&quot;" class="Plugins\craftblitz\tests\pest\Feature\CacheStorageTest" classname="Plugins.craftblitz.tests.pest.Feature.CacheStorageTest" assertions="1" time="0.001382"/>
        <testcase name="All cached values are deleted with data set &quot;dataset &quot;RedisStorage&quot;&quot;" file="plugins/craft-blitz/tests/pest/Feature/CacheStorageTest.php::All cached values are deleted with data set &quot;dataset &quot;RedisStorage&quot;&quot;" class="Plugins\craftblitz\tests\pest\Feature\CacheStorageTest" classname="Plugins.craftblitz.tests.pest.Feature.CacheStorageTest" assertions="1" time="0.001070"/>
      </testsuite>
    </testsuite>
    <testsuite name="Plugins\craftblitz\tests\pest\Feature\ExpireCacheTest" file="plugins/craft-blitz/tests/pest/Feature/ExpireCacheTest.php" tests="3" assertions="3" errors="0" failures="0" skipped="0" time="0.139879">
      <testcase name="Refreshing the entire cache marks the cache as expired" file="plugins/craft-blitz/tests/pest/Feature/ExpireCacheTest.php::Refreshing the entire cache marks the cache as expired" class="Plugins\craftblitz\tests\pest\Feature\ExpireCacheTest" classname="Plugins.craftblitz.tests.pest.Feature.ExpireCacheTest" assertions="1" time="0.073527"/>
      <testcase name="Refreshing a site marks the cache as expired" file="plugins/craft-blitz/tests/pest/Feature/ExpireCacheTest.php::Refreshing a site marks the cache as expired" class="Plugins\craftblitz\tests\pest\Feature\ExpireCacheTest" classname="Plugins.craftblitz.tests.pest.Feature.ExpireCacheTest" assertions="1" time="0.034997"/>
      <testcase name="Refreshing a site URI marks the cache as expired" file="plugins/craft-blitz/tests/pest/Feature/ExpireCacheTest.php::Refreshing a site URI marks the cache as expired" class="Plugins\craftblitz\tests\pest\Feature\ExpireCacheTest" classname="Plugins.craftblitz.tests.pest.Feature.ExpireCacheTest" assertions="1" time="0.031356"/>
    </testsuite>
    <testsuite name="Plugins\craftblitz\tests\pest\Feature\GenerateCacheTest" file="plugins/craft-blitz/tests/pest/Feature/GenerateCacheTest.php" tests="53" assertions="84" errors="0" failures="0" skipped="0" time="2.443023">
      <testcase name="Cached value is saved with output comments" file="plugins/craft-blitz/tests/pest/Feature/GenerateCacheTest.php::Cached value is saved with output comments" class="Plugins\craftblitz\tests\pest\Feature\GenerateCacheTest" classname="Plugins.craftblitz.tests.pest.Feature.GenerateCacheTest" assertions="2" time="0.037619"/>
      <testcase name="Cached value is saved without output comments" file="plugins/craft-blitz/tests/pest/Feature/GenerateCacheTest.php::Cached value is saved without output comments" class="Plugins\craftblitz\tests\pest\Feature\GenerateCacheTest" classname="Plugins.craftblitz.tests.pest.Feature.GenerateCacheTest" assertions="2" time="0.026922"/>
      <testcase name="Cached value is saved with output comments when file extension is &quot;.html&quot;" file="plugins/craft-blitz/tests/pest/Feature/GenerateCacheTest.php::Cached value is saved with output comments when file extension is &quot;.html&quot;" class="Plugins\craftblitz\tests\pest\Feature\GenerateCacheTest" classname="Plugins.craftblitz.tests.pest.Feature.GenerateCacheTest" assertions="1" time="0.028656"/>
      <testcase name="Cached value is saved without output comments when file extension is not `.html`" file="plugins/craft-blitz/tests/pest/Feature/GenerateCacheTest.php::Cached value is saved without output comments when file extension is not `.html`" class="Plugins\craftblitz\tests\pest\Feature\GenerateCacheTest" classname="Plugins.craftblitz.tests.pest.Feature.GenerateCacheTest" assertions="1" time="0.027900"/>
      <testcase name="Cache record with max URI length is saved" file="plugins/craft-blitz/tests/pest/Feature/GenerateCacheTest.php::Cache record with max URI length is saved" class="Plugins\craftblitz\tests\pest\Feature\GenerateCacheTest" classname="Plugins.craftblitz.tests.pest.Feature.GenerateCacheTest" assertions="1" time="0.031768"/>
      <testcase name="Cache record with max URI length exceeded throws exception" file="plugins/craft-blitz/tests/pest/Feature/GenerateCacheTest.php::Cache record with max URI length exceeded throws exception" class="Plugins\craftblitz\tests\pest\Feature\GenerateCacheTest" classname="Plugins.craftblitz.tests.pest.Feature.GenerateCacheTest" assertions="1" time="0.033969"/>
      <testcase name="Element cache record is saved without custom fields" file="plugins/craft-blitz/tests/pest/Feature/GenerateCacheTest.php::Element cache record is saved without custom fields" class="Plugins\craftblitz\tests\pest\Feature\GenerateCacheTest" classname="Plugins.craftblitz.tests.pest.Feature.GenerateCacheTest" assertions="2" time="0.122382"/>
      <testcase name="Element cache record is saved with custom fields" file="plugins/craft-blitz/tests/pest/Feature/GenerateCacheTest.php::Element cache record is saved with custom fields" class="Plugins\craftblitz\tests\pest\Feature\GenerateCacheTest" classname="Plugins.craftblitz.tests.pest.Feature.GenerateCacheTest" assertions="2" time="0.042728"/>
      <testcase name="Element cache record is saved with custom fields with renamed handles" file="plugins/craft-blitz/tests/pest/Feature/GenerateCacheTest.php::Element cache record is saved with custom fields with renamed handles" class="Plugins\craftblitz\tests\pest\Feature\GenerateCacheTest" classname="Plugins.craftblitz.tests.pest.Feature.GenerateCacheTest" assertions="2" time="0.044883"/>
      <testcase name="Element cache record is saved with eager-loaded custom fields" file="plugins/craft-blitz/tests/pest/Feature/GenerateCacheTest.php::Element cache record is saved with eager-loaded custom fields" class="Plugins\craftblitz\tests\pest\Feature\GenerateCacheTest" classname="Plugins.craftblitz.tests.pest.Feature.GenerateCacheTest" assertions="2" time="0.057953"/>
      <testcase name="Element cache record is saved with nested eager-loaded custom fields" file="plugins/craft-blitz/tests/pest/Feature/GenerateCacheTest.php::Element cache record is saved with nested eager-loaded custom fields" class="Plugins\craftblitz\tests\pest\Feature\GenerateCacheTest" classname="Plugins.craftblitz.tests.pest.Feature.GenerateCacheTest" assertions="4" time="0.182047"/>
      <testcase name="Element cache record is saved with eager-loaded matrix fields" file="plugins/craft-blitz/tests/pest/Feature/GenerateCacheTest.php::Element cache record is saved with eager-loaded matrix fields" class="Plugins\craftblitz\tests\pest\Feature\GenerateCacheTest" classname="Plugins.craftblitz.tests.pest.Feature.GenerateCacheTest" assertions="4" time="0.210703"/>
      <testcase name="Element cache record is saved with eager-loaded custom fields in variable" file="plugins/craft-blitz/tests/pest/Feature/GenerateCacheTest.php::Element cache record is saved with eager-loaded custom fields in variable" class="Plugins\craftblitz\tests\pest\Feature\GenerateCacheTest" classname="Plugins.craftblitz.tests.pest.Feature.GenerateCacheTest" assertions="2" time="0.112333"/>
      <testcase name="Element cache record is saved for preloaded single" file="plugins/craft-blitz/tests/pest/Feature/GenerateCacheTest.php::Element cache record is saved for preloaded single" class="Plugins\craftblitz\tests\pest\Feature\GenerateCacheTest" classname="Plugins.craftblitz.tests.pest.Feature.GenerateCacheTest" assertions="1" time="0.030945"/>
      <testcase name="Element cache record is saved with eager-loaded custom fields for preloaded single" file="plugins/craft-blitz/tests/pest/Feature/GenerateCacheTest.php::Element cache record is saved with eager-loaded custom fields for preloaded single" class="Plugins\craftblitz\tests\pest\Feature\GenerateCacheTest" classname="Plugins.craftblitz.tests.pest.Feature.GenerateCacheTest" assertions="2" time="0.046451"/>
      <testcase name="Element cache records are saved with all statuses for relation field queries" file="plugins/craft-blitz/tests/pest/Feature/GenerateCacheTest.php::Element cache records are saved with all statuses for relation field queries" class="Plugins\craftblitz\tests\pest\Feature\GenerateCacheTest" classname="Plugins.craftblitz.tests.pest.Feature.GenerateCacheTest" assertions="2" time="0.125454"/>
      <testcase name="Element cache records are saved with all statuses for eager-loaded relation field queries" file="plugins/craft-blitz/tests/pest/Feature/GenerateCacheTest.php::Element cache records are saved with all statuses for eager-loaded relation field queries" class="Plugins\craftblitz\tests\pest\Feature\GenerateCacheTest" classname="Plugins.craftblitz.tests.pest.Feature.GenerateCacheTest" assertions="2" time="0.151125"/>
      <testcase name="Element cache records are saved irrespective of the criteria for eager-loaded relation field queries" file="plugins/craft-blitz/tests/pest/Feature/GenerateCacheTest.php::Element cache records are saved irrespective of the criteria for eager-loaded relation field queries" class="Plugins\craftblitz\tests\pest\Feature\GenerateCacheTest" classname="Plugins.craftblitz.tests.pest.Feature.GenerateCacheTest" assertions="2" time="0.157817"/>
      <testcase name="Element query records without specific identifiers are saved" file="plugins/craft-blitz/tests/pest/Feature/GenerateCacheTest.php::Element query records without specific identifiers are saved" class="Plugins\craftblitz\tests\pest\Feature\GenerateCacheTest" classname="Plugins.craftblitz.tests.pest.Feature.GenerateCacheTest" assertions="1" time="0.033889"/>
      <testcase name="Element query records with specific identifiers are not saved" file="plugins/craft-blitz/tests/pest/Feature/GenerateCacheTest.php::Element query records with specific identifiers are not saved" class="Plugins\craftblitz\tests\pest\Feature\GenerateCacheTest" classname="Plugins.craftblitz.tests.pest.Feature.GenerateCacheTest" assertions="1" time="0.021858"/>
      <testcase name="Element query record with select is saved" file="plugins/craft-blitz/tests/pest/Feature/GenerateCacheTest.php::Element query record with select is saved" class="Plugins\craftblitz\tests\pest\Feature\GenerateCacheTest" classname="Plugins.craftblitz.tests.pest.Feature.GenerateCacheTest" assertions="1" time="0.023196"/>
      <testcase name="Element query record with join is saved" file="plugins/craft-blitz/tests/pest/Feature/GenerateCacheTest.php::Element query record with join is saved" class="Plugins\craftblitz\tests\pest\Feature\GenerateCacheTest" classname="Plugins.craftblitz.tests.pest.Feature.GenerateCacheTest" assertions="1" time="0.023242"/>
      <testcase name="Element query record with relation field is not saved" file="plugins/craft-blitz/tests/pest/Feature/GenerateCacheTest.php::Element query record with relation field is not saved" class="Plugins\craftblitz\tests\pest\Feature\GenerateCacheTest" classname="Plugins.craftblitz.tests.pest.Feature.GenerateCacheTest" assertions="1" time="0.124903"/>
      <testcase name="Element query record with related to param is saved" file="plugins/craft-blitz/tests/pest/Feature/GenerateCacheTest.php::Element query record with related to param is saved" class="Plugins\craftblitz\tests\pest\Feature\GenerateCacheTest" classname="Plugins.craftblitz.tests.pest.Feature.GenerateCacheTest" assertions="1" time="0.032332"/>
      <testcase name="Element query record with query param is saved without the param" file="plugins/craft-blitz/tests/pest/Feature/GenerateCacheTest.php::Element query record with query param is saved without the param" class="Plugins\craftblitz\tests\pest\Feature\GenerateCacheTest" classname="Plugins.craftblitz.tests.pest.Feature.GenerateCacheTest" assertions="1" time="0.027218"/>
      <testcase name="Element query record with expression is not saved" file="plugins/craft-blitz/tests/pest/Feature/GenerateCacheTest.php::Element query record with expression is not saved" class="Plugins\craftblitz\tests\pest\Feature\GenerateCacheTest" classname="Plugins.craftblitz.tests.pest.Feature.GenerateCacheTest" assertions="1" time="0.021078"/>
      <testcase name="Element query record for entry in single sections is not saved" file="plugins/craft-blitz/tests/pest/Feature/GenerateCacheTest.php::Element query record for entry in single sections is not saved" class="Plugins\craftblitz\tests\pest\Feature\GenerateCacheTest" classname="Plugins.craftblitz.tests.pest.Feature.GenerateCacheTest" assertions="1" time="0.021311"/>
      <testcase name="Element query record with option field data is converted to value" file="plugins/craft-blitz/tests/pest/Feature/GenerateCacheTest.php::Element query record with option field data is converted to value" class="Plugins\craftblitz\tests\pest\Feature\GenerateCacheTest" classname="Plugins.craftblitz.tests.pest.Feature.GenerateCacheTest" assertions="1" time="0.022287"/>
      <testcase name="Element query record with multi options field data is converted to array of values" file="plugins/craft-blitz/tests/pest/Feature/GenerateCacheTest.php::Element query record with multi options field data is converted to array of values" class="Plugins\craftblitz\tests\pest\Feature\GenerateCacheTest" classname="Plugins.craftblitz.tests.pest.Feature.GenerateCacheTest" assertions="1" time="0.020974"/>
      <testcase name="Element query record keeps limit and offset params" file="plugins/craft-blitz/tests/pest/Feature/GenerateCacheTest.php::Element query record keeps limit and offset params" class="Plugins\craftblitz\tests\pest\Feature\GenerateCacheTest" classname="Plugins.craftblitz.tests.pest.Feature.GenerateCacheTest" assertions="2" time="0.023467"/>
      <testcase name="Element query record keeps order by if a limit param is present" file="plugins/craft-blitz/tests/pest/Feature/GenerateCacheTest.php::Element query record keeps order by if a limit param is present" class="Plugins\craftblitz\tests\pest\Feature\GenerateCacheTest" classname="Plugins.craftblitz.tests.pest.Feature.GenerateCacheTest" assertions="1" time="0.021175"/>
      <testcase name="Element query record keeps order by if an offset param is present" file="plugins/craft-blitz/tests/pest/Feature/GenerateCacheTest.php::Element query record keeps order by if an offset param is present" class="Plugins\craftblitz\tests\pest\Feature\GenerateCacheTest" classname="Plugins.craftblitz.tests.pest.Feature.GenerateCacheTest" assertions="1" time="0.022614"/>
      <testcase name="Element query record does not keep order by if no limit or offset param is present" file="plugins/craft-blitz/tests/pest/Feature/GenerateCacheTest.php::Element query record does not keep order by if no limit or offset param is present" class="Plugins\craftblitz\tests\pest\Feature\GenerateCacheTest" classname="Plugins.craftblitz.tests.pest.Feature.GenerateCacheTest" assertions="1" time="0.020581"/>
      <testcase name="Element query record respects excluded tracked element query params" file="plugins/craft-blitz/tests/pest/Feature/GenerateCacheTest.php::Element query record respects excluded tracked element query params" class="Plugins\craftblitz\tests\pest\Feature\GenerateCacheTest" classname="Plugins.craftblitz.tests.pest.Feature.GenerateCacheTest" assertions="1" time="0.023941"/>
      <testcase name="Element query cache records are saved" file="plugins/craft-blitz/tests/pest/Feature/GenerateCacheTest.php::Element query cache records are saved" class="Plugins\craftblitz\tests\pest\Feature\GenerateCacheTest" classname="Plugins.craftblitz.tests.pest.Feature.GenerateCacheTest" assertions="1" time="0.024578"/>
      <testsuite name="Plugins\craftblitz\tests\pest\Feature\GenerateCacheTest::__pest_evaluable_Element_query_cache_records_with_matching_params_and_a_higher_limit_and_offset_sum_are_the_only_ones_saved" tests="4" assertions="8" errors="0" failures="0" skipped="0" time="0.103624">
        <testcase name="Element query cache records with matching params and a higher limit and offset sum are the only ones saved with data set &quot;([1], [10])&quot;" file="plugins/craft-blitz/tests/pest/Feature/GenerateCacheTest.php::Element query cache records with matching params and a higher limit and offset sum are the only ones saved with data set &quot;([1], [10])&quot;" class="Plugins\craftblitz\tests\pest\Feature\GenerateCacheTest" classname="Plugins.craftblitz.tests.pest.Feature.GenerateCacheTest" assertions="2" time="0.023342"/>
        <testcase name="Element query cache records with matching params and a higher limit and offset sum are the only ones saved with data set &quot;([1, 1], [10, 10])&quot;" file="plugins/craft-blitz/tests/pest/Feature/GenerateCacheTest.php::Element query cache records with matching params and a higher limit and offset sum are the only ones saved with data set &quot;([1, 1], [10, 10])&quot;" class="Plugins\craftblitz\tests\pest\Feature\GenerateCacheTest" classname="Plugins.craftblitz.tests.pest.Feature.GenerateCacheTest" assertions="2" time="0.025573"/>
        <testcase name="Element query cache records with matching params and a higher limit and offset sum are the only ones saved with data set &quot;([1, 10], [10, 1])&quot;" file="plugins/craft-blitz/tests/pest/Feature/GenerateCacheTest.php::Element query cache records with matching params and a higher limit and offset sum are the only ones saved with data set &quot;([1, 10], [10, 1])&quot;" class="Plugins\craftblitz\tests\pest\Feature\GenerateCacheTest" classname="Plugins.craftblitz.tests.pest.Feature.GenerateCacheTest" assertions="2" time="0.029176"/>
        <testcase name="Element query cache records with matching params and a higher limit and offset sum are the only ones saved with data set &quot;([10, 1], [1, 20])&quot;" file="plugins/craft-blitz/tests/pest/Feature/GenerateCacheTest.php::Element query cache records with matching params and a higher limit and offset sum are the only ones saved with data set &quot;([10, 1], [1, 20])&quot;" class="Plugins\craftblitz\tests\pest\Feature\GenerateCacheTest" classname="Plugins.craftblitz.tests.pest.Feature.GenerateCacheTest" assertions="2" time="0.025533"/>
      </testsuite>
      <testcase name="Element query source records with specific source identifiers are saved" file="plugins/craft-blitz/tests/pest/Feature/GenerateCacheTest.php::Element query source records with specific source identifiers are saved" class="Plugins\craftblitz\tests\pest\Feature\GenerateCacheTest" classname="Plugins.craftblitz.tests.pest.Feature.GenerateCacheTest" assertions="2" time="0.030721"/>
      <testcase name="Element query source records without specific source identifiers are not saved" file="plugins/craft-blitz/tests/pest/Feature/GenerateCacheTest.php::Element query source records without specific source identifiers are not saved" class="Plugins\craftblitz\tests\pest\Feature\GenerateCacheTest" classname="Plugins.craftblitz.tests.pest.Feature.GenerateCacheTest" assertions="1" time="0.026482"/>
      <testcase name="Entry query source records are saved when only a structure ID is set" file="plugins/craft-blitz/tests/pest/Feature/GenerateCacheTest.php::Entry query source records are saved when only a structure ID is set" class="Plugins\craftblitz\tests\pest\Feature\GenerateCacheTest" classname="Plugins.craftblitz.tests.pest.Feature.GenerateCacheTest" assertions="2" time="0.028806"/>
      <testcase name="Element query attribute records are saved" file="plugins/craft-blitz/tests/pest/Feature/GenerateCacheTest.php::Element query attribute records are saved" class="Plugins\craftblitz\tests\pest\Feature\GenerateCacheTest" classname="Plugins.craftblitz.tests.pest.Feature.GenerateCacheTest" assertions="1" time="0.029546"/>
      <testcase name="Element query attribute records are saved with order by" file="plugins/craft-blitz/tests/pest/Feature/GenerateCacheTest.php::Element query attribute records are saved with order by" class="Plugins\craftblitz\tests\pest\Feature\GenerateCacheTest" classname="Plugins.craftblitz.tests.pest.Feature.GenerateCacheTest" assertions="1" time="0.022341"/>
      <testcase name="Element query attribute records are saved with order by parts array" file="plugins/craft-blitz/tests/pest/Feature/GenerateCacheTest.php::Element query attribute records are saved with order by parts array" class="Plugins\craftblitz\tests\pest\Feature\GenerateCacheTest" classname="Plugins.craftblitz.tests.pest.Feature.GenerateCacheTest" assertions="1" time="0.021304"/>
      <testcase name="Element query attribute records are saved with before" file="plugins/craft-blitz/tests/pest/Feature/GenerateCacheTest.php::Element query attribute records are saved with before" class="Plugins\craftblitz\tests\pest\Feature\GenerateCacheTest" classname="Plugins.craftblitz.tests.pest.Feature.GenerateCacheTest" assertions="1" time="0.021690"/>
      <testcase name="Element query field records are saved with order by" file="plugins/craft-blitz/tests/pest/Feature/GenerateCacheTest.php::Element query field records are saved with order by" class="Plugins\craftblitz\tests\pest\Feature\GenerateCacheTest" classname="Plugins.craftblitz.tests.pest.Feature.GenerateCacheTest" assertions="3" time="0.021578"/>
      <testcase name="Element query field records are saved with order by array" file="plugins/craft-blitz/tests/pest/Feature/GenerateCacheTest.php::Element query field records are saved with order by array" class="Plugins\craftblitz\tests\pest\Feature\GenerateCacheTest" classname="Plugins.craftblitz.tests.pest.Feature.GenerateCacheTest" assertions="3" time="0.024289"/>
      <testcase name="Element query field records with renamed handles are saved with order by" file="plugins/craft-blitz/tests/pest/Feature/GenerateCacheTest.php::Element query field records with renamed handles are saved with order by" class="Plugins\craftblitz\tests\pest\Feature\GenerateCacheTest" classname="Plugins.craftblitz.tests.pest.Feature.GenerateCacheTest" assertions="3" time="0.022198"/>
      <testcase name="Element query field records with section are saved with order by only for fields in layouts" file="plugins/craft-blitz/tests/pest/Feature/GenerateCacheTest.php::Element query field records with section are saved with order by only for fields in layouts" class="Plugins\craftblitz\tests\pest\Feature\GenerateCacheTest" classname="Plugins.craftblitz.tests.pest.Feature.GenerateCacheTest" assertions="2" time="0.025396"/>
      <testcase name="Cache tags are saved" file="plugins/craft-blitz/tests/pest/Feature/GenerateCacheTest.php::Cache tags are saved" class="Plugins\craftblitz\tests\pest\Feature\GenerateCacheTest" classname="Plugins.craftblitz.tests.pest.Feature.GenerateCacheTest" assertions="1" time="0.028687"/>
      <testcase name="Include record is saved" file="plugins/craft-blitz/tests/pest/Feature/GenerateCacheTest.php::Include record is saved" class="Plugins\craftblitz\tests\pest\Feature\GenerateCacheTest" classname="Plugins.craftblitz.tests.pest.Feature.GenerateCacheTest" assertions="1" time="0.029036"/>
      <testcase name="SSI include cache record is saved" file="plugins/craft-blitz/tests/pest/Feature/GenerateCacheTest.php::SSI include cache record is saved" class="Plugins\craftblitz\tests\pest\Feature\GenerateCacheTest" classname="Plugins.craftblitz.tests.pest.Feature.GenerateCacheTest" assertions="1" time="0.027026"/>
    </testsuite>
    <testsuite name="Plugins\craftblitz\tests\pest\Feature\RefreshCacheTest" file="plugins/craft-blitz/tests/pest/Feature/RefreshCacheTest.php" tests="30" assertions="104" errors="0" failures="0" skipped="0" time="2.440732">
      <testcase name="Element is not tracked when it is unchanged" file="plugins/craft-blitz/tests/pest/Feature/RefreshCacheTest.php::Element is not tracked when it is unchanged" class="Plugins\craftblitz\tests\pest\Feature\RefreshCacheTest" classname="Plugins.craftblitz.tests.pest.Feature.RefreshCacheTest" assertions="1" time="0.097263"/>
      <testcase name="Element is tracked when `refreshCacheWhenElementSavedUnchanged` is `true` and it is unchanged" file="plugins/craft-blitz/tests/pest/Feature/RefreshCacheTest.php::Element is tracked when `refreshCacheWhenElementSavedUnchanged` is `true` and it is unchanged" class="Plugins\craftblitz\tests\pest\Feature\RefreshCacheTest" classname="Plugins.craftblitz.tests.pest.Feature.RefreshCacheTest" assertions="6" time="0.085404"/>
      <testcase name="Element is not tracked when disabled and its attribute is changed" file="plugins/craft-blitz/tests/pest/Feature/RefreshCacheTest.php::Element is not tracked when disabled and its attribute is changed" class="Plugins\craftblitz\tests\pest\Feature\RefreshCacheTest" classname="Plugins.craftblitz.tests.pest.Feature.RefreshCacheTest" assertions="1" time="0.097817"/>
      <testcase name="Element is tracked when disabled and `refreshCacheWhenElementSavedNotLive` is `true` and its attribute is changed" file="plugins/craft-blitz/tests/pest/Feature/RefreshCacheTest.php::Element is tracked when disabled and `refreshCacheWhenElementSavedNotLive` is `true` and its attribute is changed" class="Plugins\craftblitz\tests\pest\Feature\RefreshCacheTest" classname="Plugins.craftblitz.tests.pest.Feature.RefreshCacheTest" assertions="6" time="0.089185"/>
      <testcase name="Element is tracked when its status is changed" file="plugins/craft-blitz/tests/pest/Feature/RefreshCacheTest.php::Element is tracked when its status is changed" class="Plugins\craftblitz\tests\pest\Feature\RefreshCacheTest" classname="Plugins.craftblitz.tests.pest.Feature.RefreshCacheTest" assertions="6" time="0.080566"/>
      <testcase name="Element is tracked when its status for another site is changed" file="plugins/craft-blitz/tests/pest/Feature/RefreshCacheTest.php::Element is tracked when its status for another site is changed" class="Plugins\craftblitz\tests\pest\Feature\RefreshCacheTest" classname="Plugins.craftblitz.tests.pest.Feature.RefreshCacheTest" assertions="6" time="0.080165"/>
      <testcase name="Element is tracked when it expires" file="plugins/craft-blitz/tests/pest/Feature/RefreshCacheTest.php::Element is tracked when it expires" class="Plugins\craftblitz\tests\pest\Feature\RefreshCacheTest" classname="Plugins.craftblitz.tests.pest.Feature.RefreshCacheTest" assertions="6" time="0.081180"/>
      <testcase name="Element is tracked when it is deleted" file="plugins/craft-blitz/tests/pest/Feature/RefreshCacheTest.php::Element is tracked when it is deleted" class="Plugins\craftblitz\tests\pest\Feature\RefreshCacheTest" classname="Plugins.craftblitz.tests.pest.Feature.RefreshCacheTest" assertions="6" time="0.091122"/>
      <testcase name="Element is tracked when its attribute is changed" file="plugins/craft-blitz/tests/pest/Feature/RefreshCacheTest.php::Element is tracked when its attribute is changed" class="Plugins\craftblitz\tests\pest\Feature\RefreshCacheTest" classname="Plugins.craftblitz.tests.pest.Feature.RefreshCacheTest" assertions="6" time="0.082739"/>
      <testcase name="Element is tracked when its field is changed" file="plugins/craft-blitz/tests/pest/Feature/RefreshCacheTest.php::Element is tracked when its field is changed" class="Plugins\craftblitz\tests\pest\Feature\RefreshCacheTest" classname="Plugins.craftblitz.tests.pest.Feature.RefreshCacheTest" assertions="6" time="0.080795"/>
      <testcase name="Element is tracked when its attribute and field are changed" file="plugins/craft-blitz/tests/pest/Feature/RefreshCacheTest.php::Element is tracked when its attribute and field are changed" class="Plugins\craftblitz\tests\pest\Feature\RefreshCacheTest" classname="Plugins.craftblitz.tests.pest.Feature.RefreshCacheTest" assertions="6" time="0.117713"/>
      <testcase name="Element is tracked when its status and attribute and field are changed" file="plugins/craft-blitz/tests/pest/Feature/RefreshCacheTest.php::Element is tracked when its status and attribute and field are changed" class="Plugins\craftblitz\tests\pest\Feature\RefreshCacheTest" classname="Plugins.craftblitz.tests.pest.Feature.RefreshCacheTest" assertions="6" time="0.084980"/>
      <testcase name="Asset is tracked when its file is replaced" file="plugins/craft-blitz/tests/pest/Feature/RefreshCacheTest.php::Asset is tracked when its file is replaced" class="Plugins\craftblitz\tests\pest\Feature\RefreshCacheTest" classname="Plugins.craftblitz.tests.pest.Feature.RefreshCacheTest" assertions="7" time="0.104970"/>
      <testcase name="Asset is tracked when its filename is changed" file="plugins/craft-blitz/tests/pest/Feature/RefreshCacheTest.php::Asset is tracked when its filename is changed" class="Plugins\craftblitz\tests\pest\Feature\RefreshCacheTest" classname="Plugins.craftblitz.tests.pest.Feature.RefreshCacheTest" assertions="7" time="0.055966"/>
      <testcase name="Asset is tracked when it is moved between folders" file="plugins/craft-blitz/tests/pest/Feature/RefreshCacheTest.php::Asset is tracked when it is moved between folders" class="Plugins\craftblitz\tests\pest\Feature\RefreshCacheTest" classname="Plugins.craftblitz.tests.pest.Feature.RefreshCacheTest" assertions="7" time="0.048877"/>
      <testcase name="Asset is tracked when its focal point is changed" file="plugins/craft-blitz/tests/pest/Feature/RefreshCacheTest.php::Asset is tracked when its focal point is changed" class="Plugins\craftblitz\tests\pest\Feature\RefreshCacheTest" classname="Plugins.craftblitz.tests.pest.Feature.RefreshCacheTest" assertions="7" time="0.046313"/>
      <testcase name="Element expiry date record is saved when an entry has a future post date" file="plugins/craft-blitz/tests/pest/Feature/RefreshCacheTest.php::Element expiry date record is saved when an entry has a future post date" class="Plugins\craftblitz\tests\pest\Feature\RefreshCacheTest" classname="Plugins.craftblitz.tests.pest.Feature.RefreshCacheTest" assertions="1" time="0.084610"/>
      <testcase name="Element expiry date record is saved when an entry has a future expiry date" file="plugins/craft-blitz/tests/pest/Feature/RefreshCacheTest.php::Element expiry date record is saved when an entry has a future expiry date" class="Plugins\craftblitz\tests\pest\Feature\RefreshCacheTest" classname="Plugins.craftblitz.tests.pest.Feature.RefreshCacheTest" assertions="1" time="0.083119"/>
      <testcase name="Element cache IDs are returned when an entry is changed" file="plugins/craft-blitz/tests/pest/Feature/RefreshCacheTest.php::Element cache IDs are returned when an entry is changed" class="Plugins\craftblitz\tests\pest\Feature\RefreshCacheTest" classname="Plugins.craftblitz.tests.pest.Feature.RefreshCacheTest" assertions="1" time="0.083060"/>
      <testcase name="Element cache IDs are returned when an entry is changed by attributes" file="plugins/craft-blitz/tests/pest/Feature/RefreshCacheTest.php::Element cache IDs are returned when an entry is changed by attributes" class="Plugins\craftblitz\tests\pest\Feature\RefreshCacheTest" classname="Plugins.craftblitz.tests.pest.Feature.RefreshCacheTest" assertions="1" time="0.081014"/>
      <testcase name="Element cache IDs are not returned when an entry is changed by custom fields" file="plugins/craft-blitz/tests/pest/Feature/RefreshCacheTest.php::Element cache IDs are not returned when an entry is changed by custom fields" class="Plugins\craftblitz\tests\pest\Feature\RefreshCacheTest" classname="Plugins.craftblitz.tests.pest.Feature.RefreshCacheTest" assertions="1" time="0.084507"/>
      <testcase name="Element query cache IDs are returned when a disabled entry is changed" file="plugins/craft-blitz/tests/pest/Feature/RefreshCacheTest.php::Element query cache IDs are returned when a disabled entry is changed" class="Plugins\craftblitz\tests\pest\Feature\RefreshCacheTest" classname="Plugins.craftblitz.tests.pest.Feature.RefreshCacheTest" assertions="1" time="0.092194"/>
      <testcase name="Element query type records are returned when an entry is changed" file="plugins/craft-blitz/tests/pest/Feature/RefreshCacheTest.php::Element query type records are returned when an entry is changed" class="Plugins\craftblitz\tests\pest\Feature\RefreshCacheTest" classname="Plugins.craftblitz.tests.pest.Feature.RefreshCacheTest" assertions="1" time="0.083555"/>
      <testcase name="Element query type records without a cache ID are not returned when an entry is changed" file="plugins/craft-blitz/tests/pest/Feature/RefreshCacheTest.php::Element query type records without a cache ID are not returned when an entry is changed" class="Plugins\craftblitz\tests\pest\Feature\RefreshCacheTest" classname="Plugins.craftblitz.tests.pest.Feature.RefreshCacheTest" assertions="1" time="0.082030"/>
      <testcase name="Element query type records are returned when an entry is changed by attributes used in the query" file="plugins/craft-blitz/tests/pest/Feature/RefreshCacheTest.php::Element query type records are returned when an entry is changed by attributes used in the query" class="Plugins\craftblitz\tests\pest\Feature\RefreshCacheTest" classname="Plugins.craftblitz.tests.pest.Feature.RefreshCacheTest" assertions="1" time="0.086287"/>
      <testcase name="Element query type records are not returned when an entry is changed by attributes not used in the query" file="plugins/craft-blitz/tests/pest/Feature/RefreshCacheTest.php::Element query type records are not returned when an entry is changed by attributes not used in the query" class="Plugins\craftblitz\tests\pest\Feature\RefreshCacheTest" classname="Plugins.craftblitz.tests.pest.Feature.RefreshCacheTest" assertions="1" time="0.082663"/>
      <testcase name="Element query type records are returned when an entry is changed by custom fields used in the query" file="plugins/craft-blitz/tests/pest/Feature/RefreshCacheTest.php::Element query type records are returned when an entry is changed by custom fields used in the query" class="Plugins\craftblitz\tests\pest\Feature\RefreshCacheTest" classname="Plugins.craftblitz.tests.pest.Feature.RefreshCacheTest" assertions="1" time="0.081182"/>
      <testcase name="Element query type records are not returned when an entry is changed by custom fields not used in the query" file="plugins/craft-blitz/tests/pest/Feature/RefreshCacheTest.php::Element query type records are not returned when an entry is changed by custom fields not used in the query" class="Plugins\craftblitz\tests\pest\Feature\RefreshCacheTest" classname="Plugins.craftblitz.tests.pest.Feature.RefreshCacheTest" assertions="1" time="0.082910"/>
      <testcase name="Element query type records are returned when an entry is changed with the date updated used in the query" file="plugins/craft-blitz/tests/pest/Feature/RefreshCacheTest.php::Element query type records are returned when an entry is changed with the date updated used in the query" class="Plugins\craftblitz\tests\pest\Feature\RefreshCacheTest" classname="Plugins.craftblitz.tests.pest.Feature.RefreshCacheTest" assertions="1" time="0.083466"/>
      <testcase name="Element query type records are deleted when executing them results in an exception" file="plugins/craft-blitz/tests/pest/Feature/RefreshCacheTest.php::Element query type records are deleted when executing them results in an exception" class="Plugins\craftblitz\tests\pest\Feature\RefreshCacheTest" classname="Plugins.craftblitz.tests.pest.Feature.RefreshCacheTest" assertions="1" time="0.025080"/>
    </testsuite>
    <testsuite name="Plugins\craftblitz\tests\pest\Feature\RefreshModeTest" file="plugins/craft-blitz/tests/pest/Feature/RefreshModeTest.php" tests="24" assertions="24" errors="0" failures="0" skipped="0" time="0.012767">
      <testsuite name="Plugins\craftblitz\tests\pest\Feature\RefreshModeTest::__pest_evaluable_The_cache_should_be_cleared_on_refresh”" tests="2" assertions="2" errors="0" failures="0" skipped="0" time="0.007374">
        <testcase name="The cache should be cleared on refresh” with data set &quot;dataset &quot;clear only&quot;&quot;" file="plugins/craft-blitz/tests/pest/Feature/RefreshModeTest.php::The cache should be cleared on refresh” with data set &quot;dataset &quot;clear only&quot;&quot;" class="Plugins\craftblitz\tests\pest\Feature\RefreshModeTest" classname="Plugins.craftblitz.tests.pest.Feature.RefreshModeTest" assertions="1" time="0.007103"/>
        <testcase name="The cache should be cleared on refresh” with data set &quot;dataset &quot;clear and generate&quot;&quot;" file="plugins/craft-blitz/tests/pest/Feature/RefreshModeTest.php::The cache should be cleared on refresh” with data set &quot;dataset &quot;clear and generate&quot;&quot;" class="Plugins\craftblitz\tests\pest\Feature\RefreshModeTest" classname="Plugins.craftblitz.tests.pest.Feature.RefreshModeTest" assertions="1" time="0.000270"/>
      </testsuite>
      <testsuite name="Plugins\craftblitz\tests\pest\Feature\RefreshModeTest::__pest_evaluable_The_cache_should_not_be_cleared_on_refresh" tests="2" assertions="2" errors="0" failures="0" skipped="0" time="0.000486">
        <testcase name="The cache should not be cleared on refresh with data set &quot;dataset &quot;expire only&quot;&quot;" file="plugins/craft-blitz/tests/pest/Feature/RefreshModeTest.php::The cache should not be cleared on refresh with data set &quot;dataset &quot;expire only&quot;&quot;" class="Plugins\craftblitz\tests\pest\Feature\RefreshModeTest" classname="Plugins.craftblitz.tests.pest.Feature.RefreshModeTest" assertions="1" time="0.000244"/>
        <testcase name="The cache should not be cleared on refresh with data set &quot;dataset &quot;expire and generate&quot;&quot;" file="plugins/craft-blitz/tests/pest/Feature/RefreshModeTest.php::The cache should not be cleared on refresh with data set &quot;dataset &quot;expire and generate&quot;&quot;" class="Plugins\craftblitz\tests\pest\Feature\RefreshModeTest" classname="Plugins.craftblitz.tests.pest.Feature.RefreshModeTest" assertions="1" time="0.000243"/>
      </testsuite>
      <testsuite name="Plugins\craftblitz\tests\pest\Feature\RefreshModeTest::__pest_evaluable_The_cache_should_be_cleared_on_refresh_when_forcing_a_clear" tests="2" assertions="2" errors="0" failures="0" skipped="0" time="0.000647">
        <testcase name="The cache should be cleared on refresh when forcing a clear with data set &quot;dataset &quot;clear only&quot;&quot;" file="plugins/craft-blitz/tests/pest/Feature/RefreshModeTest.php::The cache should be cleared on refresh when forcing a clear with data set &quot;dataset &quot;clear only&quot;&quot;" class="Plugins\craftblitz\tests\pest\Feature\RefreshModeTest" classname="Plugins.craftblitz.tests.pest.Feature.RefreshModeTest" assertions="1" time="0.000349"/>
        <testcase name="The cache should be cleared on refresh when forcing a clear with data set &quot;dataset &quot;clear and generate&quot;&quot;" file="plugins/craft-blitz/tests/pest/Feature/RefreshModeTest.php::The cache should be cleared on refresh when forcing a clear with data set &quot;dataset &quot;clear and generate&quot;&quot;" class="Plugins\craftblitz\tests\pest\Feature\RefreshModeTest" classname="Plugins.craftblitz.tests.pest.Feature.RefreshModeTest" assertions="1" time="0.000298"/>
      </testsuite>
      <testsuite name="Plugins\craftblitz\tests\pest\Feature\RefreshModeTest::__pest_evaluable_The_cache_should_be_generated_on_refresh" tests="2" assertions="2" errors="0" failures="0" skipped="0" time="0.000512">
        <testcase name="The cache should be generated on refresh with data set &quot;dataset &quot;clear and generate&quot;&quot;" file="plugins/craft-blitz/tests/pest/Feature/RefreshModeTest.php::The cache should be generated on refresh with data set &quot;dataset &quot;clear and generate&quot;&quot;" class="Plugins\craftblitz\tests\pest\Feature\RefreshModeTest" classname="Plugins.craftblitz.tests.pest.Feature.RefreshModeTest" assertions="1" time="0.000265"/>
        <testcase name="The cache should be generated on refresh with data set &quot;dataset &quot;expire and generate&quot;&quot;" file="plugins/craft-blitz/tests/pest/Feature/RefreshModeTest.php::The cache should be generated on refresh with data set &quot;dataset &quot;expire and generate&quot;&quot;" class="Plugins\craftblitz\tests\pest\Feature\RefreshModeTest" classname="Plugins.craftblitz.tests.pest.Feature.RefreshModeTest" assertions="1" time="0.000246"/>
      </testsuite>
      <testsuite name="Plugins\craftblitz\tests\pest\Feature\RefreshModeTest::__pest_evaluable_The_cache_should_not_be_generated_on_refresh" tests="2" assertions="2" errors="0" failures="0" skipped="0" time="0.000467">
        <testcase name="The cache should not be generated on refresh with data set &quot;dataset &quot;clear only&quot;&quot;" file="plugins/craft-blitz/tests/pest/Feature/RefreshModeTest.php::The cache should not be generated on refresh with data set &quot;dataset &quot;clear only&quot;&quot;" class="Plugins\craftblitz\tests\pest\Feature\RefreshModeTest" classname="Plugins.craftblitz.tests.pest.Feature.RefreshModeTest" assertions="1" time="0.000238"/>
        <testcase name="The cache should not be generated on refresh with data set &quot;dataset &quot;expire only&quot;&quot;" file="plugins/craft-blitz/tests/pest/Feature/RefreshModeTest.php::The cache should not be generated on refresh with data set &quot;dataset &quot;expire only&quot;&quot;" class="Plugins\craftblitz\tests\pest\Feature\RefreshModeTest" classname="Plugins.craftblitz.tests.pest.Feature.RefreshModeTest" assertions="1" time="0.000228"/>
      </testsuite>
      <testsuite name="Plugins\craftblitz\tests\pest\Feature\RefreshModeTest::__pest_evaluable_The_cache_should_be_generated_on_refresh_when_forcing_a_generate" tests="2" assertions="2" errors="0" failures="0" skipped="0" time="0.000475">
        <testcase name="The cache should be generated on refresh when forcing a generate with data set &quot;dataset &quot;clear only&quot;&quot;" file="plugins/craft-blitz/tests/pest/Feature/RefreshModeTest.php::The cache should be generated on refresh when forcing a generate with data set &quot;dataset &quot;clear only&quot;&quot;" class="Plugins\craftblitz\tests\pest\Feature\RefreshModeTest" classname="Plugins.craftblitz.tests.pest.Feature.RefreshModeTest" assertions="1" time="0.000232"/>
        <testcase name="The cache should be generated on refresh when forcing a generate with data set &quot;dataset &quot;expire only&quot;&quot;" file="plugins/craft-blitz/tests/pest/Feature/RefreshModeTest.php::The cache should be generated on refresh when forcing a generate with data set &quot;dataset &quot;expire only&quot;&quot;" class="Plugins\craftblitz\tests\pest\Feature\RefreshModeTest" classname="Plugins.craftblitz.tests.pest.Feature.RefreshModeTest" assertions="1" time="0.000244"/>
      </testsuite>
      <testsuite name="Plugins\craftblitz\tests\pest\Feature\RefreshModeTest::__pest_evaluable_The_cache_should_be_expired_on_refresh" tests="2" assertions="2" errors="0" failures="0" skipped="0" time="0.000469">
        <testcase name="The cache should be expired on refresh with data set &quot;dataset &quot;expire only&quot;&quot;" file="plugins/craft-blitz/tests/pest/Feature/RefreshModeTest.php::The cache should be expired on refresh with data set &quot;dataset &quot;expire only&quot;&quot;" class="Plugins\craftblitz\tests\pest\Feature\RefreshModeTest" classname="Plugins.craftblitz.tests.pest.Feature.RefreshModeTest" assertions="1" time="0.000244"/>
        <testcase name="The cache should be expired on refresh with data set &quot;dataset &quot;expire and generate&quot;&quot;" file="plugins/craft-blitz/tests/pest/Feature/RefreshModeTest.php::The cache should be expired on refresh with data set &quot;dataset &quot;expire and generate&quot;&quot;" class="Plugins\craftblitz\tests\pest\Feature\RefreshModeTest" classname="Plugins.craftblitz.tests.pest.Feature.RefreshModeTest" assertions="1" time="0.000225"/>
      </testsuite>
      <testsuite name="Plugins\craftblitz\tests\pest\Feature\RefreshModeTest::__pest_evaluable_The_cache_should_not_be_expired_on_refresh" tests="2" assertions="2" errors="0" failures="0" skipped="0" time="0.000461">
        <testcase name="The cache should not be expired on refresh with data set &quot;dataset &quot;clear only&quot;&quot;" file="plugins/craft-blitz/tests/pest/Feature/RefreshModeTest.php::The cache should not be expired on refresh with data set &quot;dataset &quot;clear only&quot;&quot;" class="Plugins\craftblitz\tests\pest\Feature\RefreshModeTest" classname="Plugins.craftblitz.tests.pest.Feature.RefreshModeTest" assertions="1" time="0.000235"/>
        <testcase name="The cache should not be expired on refresh with data set &quot;dataset &quot;clear and generate&quot;&quot;" file="plugins/craft-blitz/tests/pest/Feature/RefreshModeTest.php::The cache should not be expired on refresh with data set &quot;dataset &quot;clear and generate&quot;&quot;" class="Plugins\craftblitz\tests\pest\Feature\RefreshModeTest" classname="Plugins.craftblitz.tests.pest.Feature.RefreshModeTest" assertions="1" time="0.000226"/>
      </testsuite>
      <testsuite name="Plugins\craftblitz\tests\pest\Feature\RefreshModeTest::__pest_evaluable_The_cache_should_not_be_expired_on_refresh_when_forcing_a_generate" tests="2" assertions="2" errors="0" failures="0" skipped="0" time="0.000462">
        <testcase name="The cache should not be expired on refresh when forcing a generate with data set &quot;dataset &quot;expire only&quot;&quot;" file="plugins/craft-blitz/tests/pest/Feature/RefreshModeTest.php::The cache should not be expired on refresh when forcing a generate with data set &quot;dataset &quot;expire only&quot;&quot;" class="Plugins\craftblitz\tests\pest\Feature\RefreshModeTest" classname="Plugins.craftblitz.tests.pest.Feature.RefreshModeTest" assertions="1" time="0.000233"/>
        <testcase name="The cache should not be expired on refresh when forcing a generate with data set &quot;dataset &quot;expire and generate&quot;&quot;" file="plugins/craft-blitz/tests/pest/Feature/RefreshModeTest.php::The cache should not be expired on refresh when forcing a generate with data set &quot;dataset &quot;expire and generate&quot;&quot;" class="Plugins\craftblitz\tests\pest\Feature\RefreshModeTest" classname="Plugins.craftblitz.tests.pest.Feature.RefreshModeTest" assertions="1" time="0.000228"/>
      </testsuite>
      <testsuite name="Plugins\craftblitz\tests\pest\Feature\RefreshModeTest::__pest_evaluable_The_cache_should_be_purged_after_refresh" tests="2" assertions="2" errors="0" failures="0" skipped="0" time="0.000475">
        <testcase name="The cache should be purged after refresh with data set &quot;dataset &quot;expire only&quot;&quot;" file="plugins/craft-blitz/tests/pest/Feature/RefreshModeTest.php::The cache should be purged after refresh with data set &quot;dataset &quot;expire only&quot;&quot;" class="Plugins\craftblitz\tests\pest\Feature\RefreshModeTest" classname="Plugins.craftblitz.tests.pest.Feature.RefreshModeTest" assertions="1" time="0.000243"/>
        <testcase name="The cache should be purged after refresh with data set &quot;dataset &quot;expire and generate&quot;&quot;" file="plugins/craft-blitz/tests/pest/Feature/RefreshModeTest.php::The cache should be purged after refresh with data set &quot;dataset &quot;expire and generate&quot;&quot;" class="Plugins\craftblitz\tests\pest\Feature\RefreshModeTest" classname="Plugins.craftblitz.tests.pest.Feature.RefreshModeTest" assertions="1" time="0.000232"/>
      </testsuite>
      <testsuite name="Plugins\craftblitz\tests\pest\Feature\RefreshModeTest::__pest_evaluable_The_cache_should_not_be_purged_after_refresh" tests="2" assertions="2" errors="0" failures="0" skipped="0" time="0.000464">
        <testcase name="The cache should not be purged after refresh with data set &quot;dataset &quot;clear only&quot;&quot;" file="plugins/craft-blitz/tests/pest/Feature/RefreshModeTest.php::The cache should not be purged after refresh with data set &quot;dataset &quot;clear only&quot;&quot;" class="Plugins\craftblitz\tests\pest\Feature\RefreshModeTest" classname="Plugins.craftblitz.tests.pest.Feature.RefreshModeTest" assertions="1" time="0.000235"/>
        <testcase name="The cache should not be purged after refresh with data set &quot;dataset &quot;clear and generate&quot;&quot;" file="plugins/craft-blitz/tests/pest/Feature/RefreshModeTest.php::The cache should not be purged after refresh with data set &quot;dataset &quot;clear and generate&quot;&quot;" class="Plugins\craftblitz\tests\pest\Feature\RefreshModeTest" classname="Plugins.craftblitz.tests.pest.Feature.RefreshModeTest" assertions="1" time="0.000229"/>
      </testsuite>
      <testsuite name="Plugins\craftblitz\tests\pest\Feature\RefreshModeTest::__pest_evaluable_The_cache_should_not_be_purged_after_refresh_when_forcing_a_clear" tests="2" assertions="2" errors="0" failures="0" skipped="0" time="0.000477">
        <testcase name="The cache should not be purged after refresh when forcing a clear with data set &quot;dataset &quot;expire only&quot;&quot;" file="plugins/craft-blitz/tests/pest/Feature/RefreshModeTest.php::The cache should not be purged after refresh when forcing a clear with data set &quot;dataset &quot;expire only&quot;&quot;" class="Plugins\craftblitz\tests\pest\Feature\RefreshModeTest" classname="Plugins.craftblitz.tests.pest.Feature.RefreshModeTest" assertions="1" time="0.000243"/>
        <testcase name="The cache should not be purged after refresh when forcing a clear with data set &quot;dataset &quot;expire and generate&quot;&quot;" file="plugins/craft-blitz/tests/pest/Feature/RefreshModeTest.php::The cache should not be purged after refresh when forcing a clear with data set &quot;dataset &quot;expire and generate&quot;&quot;" class="Plugins\craftblitz\tests\pest\Feature\RefreshModeTest" classname="Plugins.craftblitz.tests.pest.Feature.RefreshModeTest" assertions="1" time="0.000233"/>
      </testsuite>
    </testsuite>
    <testsuite name="Plugins\craftblitz\tests\pest\Feature\SettingsTest" file="plugins/craft-blitz/tests/pest/Feature/SettingsTest.php" tests="3" assertions="3" errors="0" failures="0" skipped="0" time="0.004224">
      <testcase name="The default cache control header doesn’t allow caching" file="plugins/craft-blitz/tests/pest/Feature/SettingsTest.php::The default cache control header doesn’t allow caching" class="Plugins\craftblitz\tests\pest\Feature\SettingsTest" classname="Plugins.craftblitz.tests.pest.Feature.SettingsTest" assertions="1" time="0.003756"/>
      <testcase name="The cache control header doesn’t allow browser caching" file="plugins/craft-blitz/tests/pest/Feature/SettingsTest.php::The cache control header doesn’t allow browser caching" class="Plugins\craftblitz\tests\pest\Feature\SettingsTest" classname="Plugins.craftblitz.tests.pest.Feature.SettingsTest" assertions="1" time="0.000243"/>
      <testcase name="The expired cache control header doesn’t allow browser caching" file="plugins/craft-blitz/tests/pest/Feature/SettingsTest.php::The expired cache control header doesn’t allow browser caching" class="Plugins\craftblitz\tests\pest\Feature\SettingsTest" classname="Plugins.craftblitz.tests.pest.Feature.SettingsTest" assertions="1" time="0.000224"/>
    </testsuite>
    <testsuite name="Plugins\craftblitz\tests\pest\Feature\SiteUriTest" file="plugins/craft-blitz/tests/pest/Feature/SiteUriTest.php" tests="6" assertions="12" errors="0" failures="0" skipped="0" time="0.021906">
      <testcase name="Site URIs are returned from assets with transforms" file="plugins/craft-blitz/tests/pest/Feature/SiteUriTest.php::Site URIs are returned from assets with transforms" class="Plugins\craftblitz\tests\pest\Feature\SiteUriTest" classname="Plugins.craftblitz.tests.pest.Feature.SiteUriTest" assertions="3" time="0.020458"/>
      <testcase name="HTML mime type is returned when site URI is HTML" file="plugins/craft-blitz/tests/pest/Feature/SiteUriTest.php::HTML mime type is returned when site URI is HTML" class="Plugins\craftblitz\tests\pest\Feature\SiteUriTest" classname="Plugins.craftblitz.tests.pest.Feature.SiteUriTest" assertions="1" time="0.000387"/>
      <testcase name="JSON mime type is returned when site URI is JSON" file="plugins/craft-blitz/tests/pest/Feature/SiteUriTest.php::JSON mime type is returned when site URI is JSON" class="Plugins\craftblitz\tests\pest\Feature\SiteUriTest" classname="Plugins.craftblitz.tests.pest.Feature.SiteUriTest" assertions="1" time="0.000270"/>
      <testcase name="Site URIs with page triggers are paginated" file="plugins/craft-blitz/tests/pest/Feature/SiteUriTest.php::Site URIs with page triggers are paginated" class="Plugins\craftblitz\tests\pest\Feature\SiteUriTest" classname="Plugins.craftblitz.tests.pest.Feature.SiteUriTest" assertions="3" time="0.000305"/>
      <testcase name="Site URIs without page triggers are not paginated" file="plugins/craft-blitz/tests/pest/Feature/SiteUriTest.php::Site URIs without page triggers are not paginated" class="Plugins\craftblitz\tests\pest\Feature\SiteUriTest" classname="Plugins.craftblitz.tests.pest.Feature.SiteUriTest" assertions="3" time="0.000252"/>
      <testcase name="Site URIs containing the homepage URI are converted to an empty string" file="plugins/craft-blitz/tests/pest/Feature/SiteUriTest.php::Site URIs containing the homepage URI are converted to an empty string" class="Plugins\craftblitz\tests\pest\Feature\SiteUriTest" classname="Plugins.craftblitz.tests.pest.Feature.SiteUriTest" assertions="1" time="0.000233"/>
    </testsuite>
    <testsuite name="Plugins\craftblitz\tests\pest\Integration\CommerceTest" file="plugins/craft-blitz/tests/pest/Integration/CommerceTest.php" tests="2" assertions="2" errors="0" failures="0" skipped="0" time="0.183085">
      <testcase name="Variant with inventory is refreshed on order completion" file="plugins/craft-blitz/tests/pest/Integration/CommerceTest.php::Variant with inventory is refreshed on order completion" class="Plugins\craftblitz\tests\pest\Integration\CommerceTest" classname="Plugins.craftblitz.tests.pest.Integration.CommerceTest" assertions="1" time="0.100572"/>
      <testcase name="Variant without inventory is not refreshed on order completion" file="plugins/craft-blitz/tests/pest/Integration/CommerceTest.php::Variant without inventory is not refreshed on order completion" class="Plugins\craftblitz\tests\pest\Integration\CommerceTest" classname="Plugins.craftblitz.tests.pest.Integration.CommerceTest" assertions="1" time="0.082513"/>
    </testsuite>
    <testsuite name="Plugins\craftblitz\tests\pest\Integration\SeomaticTest" file="plugins/craft-blitz/tests/pest/Integration/SeomaticTest.php" tests="3" assertions="0" errors="0" failures="0" skipped="3" time="0.007272">
      <testcase name="Invalidate container caches event without a URL or source triggers a refresh all" file="plugins/craft-blitz/tests/pest/Integration/SeomaticTest.php::Invalidate container caches event without a URL or source triggers a refresh all" class="Plugins\craftblitz\tests\pest\Integration\SeomaticTest" classname="Plugins.craftblitz.tests.pest.Integration.SeomaticTest" assertions="0" time="0.006589">
        <skipped/>
      </testcase>
      <testcase name="Invalidate container caches event with a specific source triggers a refresh" file="plugins/craft-blitz/tests/pest/Integration/SeomaticTest.php::Invalidate container caches event with a specific source triggers a refresh" class="Plugins\craftblitz\tests\pest\Integration\SeomaticTest" classname="Plugins.craftblitz.tests.pest.Integration.SeomaticTest" assertions="0" time="0.000376">
        <skipped/>
      </testcase>
      <testcase name="Invalidate container caches event for a specific element does not trigger a refresh" file="plugins/craft-blitz/tests/pest/Integration/SeomaticTest.php::Invalidate container caches event for a specific element does not trigger a refresh" class="Plugins\craftblitz\tests\pest\Integration\SeomaticTest" classname="Plugins.craftblitz.tests.pest.Integration.SeomaticTest" assertions="0" time="0.000307">
        <skipped/>
      </testcase>
    </testsuite>
  </testsuite>
</testsuites>
